1,http://celestrak.org/NORAD/elements/gp.php?GROUP=tle-new&FORMAT=tle
1,http://celestrak.org/NORAD/elements/gp.php?GROUP=stations&FORMAT=tle
1,http://celestrak.org/NORAD/elements/gp.php?GROUP=visual&FORMAT=tle
0,http://celestrak.org/NORAD/elements/gp.php?GROUP=1999-025&FORMAT=tle
1,http://celestrak.org/NORAD/elements/gp.php?GROUP=iridium-33-debris&FORMAT=tle
0,http://celestrak.org/NORAD/elements/gp.php?GROUP=cosmos-2251-debris&FORMAT=tle
1,http://celestrak.org/NORAD/elements/gp.php?GROUP=weather&FORMAT=tle
1,http://celestrak.org/NORAD/elements/gp.php?GROUP=noaa&FORMAT=tle
1,http://celestrak.org/NORAD/elements/gp.php?GROUP=goes&FORMAT=tle
1,http://celestrak.org/NORAD/elements/gp.php?GROUP=resource&FORMAT=tle
1,http://celestrak.org/NORAD/elements/gp.php?GROUP=sarsat&FORMAT=tle
1,http://celestrak.org/NORAD/elements/gp.php?GROUP=dmc&FORMAT=tle
1,http://celestrak.org/NORAD/elements/gp.php?GROUP=tdrss&FORMAT=tle
1,http://celestrak.org/NORAD/elements/gp.php?GROUP=geo&FORMAT=tle
1,http://celestrak.org/NORAD/elements/gp.php?GROUP=intelsat&FORMAT=tle
1,http://celestrak.org/NORAD/elements/gp.php?GROUP=gorizont&FORMAT=tle
1,http://celestrak.org/NORAD/elements/gp.php?GROUP=raduga&FORMAT=tle
1,http://celestrak.org/NORAD/elements/gp.php?GROUP=molniya&FORMAT=tle
1,http://celestrak.org/NORAD/elements/gp.php?GROUP=iridium&FORMAT=tle
1,http://celestrak.org/NORAD/elements/gp.php?GROUP=orbcomm&FORMAT=tle
1,http://celestrak.org/NORAD/elements/gp.php?GROUP=globalstar&FORMAT=tle
1,http://celestrak.org/NORAD/elements/gp.php?GROUP=amateur&FORMAT=tle
1,http://celestrak.org/NORAD/elements/gp.php?GROUP=x-comm&FORMAT=tle
1,http://celestrak.org/NORAD/elements/gp.php?GROUP=other-comm&FORMAT=tle
1,http://celestrak.org/NORAD/elements/gp.php?GROUP=gps-ops&FORMAT=tle
1,http://celestrak.org/NORAD/elements/gp.php?GROUP=glo-ops&FORMAT=tle
1,http://celestrak.org/NORAD/elements/gp.php?GROUP=galileo&FORMAT=tle
1,http://celestrak.org/NORAD/elements/gp.php?GROUP=sbas&FORMAT=tle
1,http://celestrak.org/NORAD/elements/gp.php?GROUP=nnss&FORMAT=tle
1,http://celestrak.org/NORAD/elements/gp.php?GROUP=musson&FORMAT=tle
1,http://celestrak.org/NORAD/elements/gp.php?GROUP=science&FORMAT=tle
1,http://celestrak.org/NORAD/elements/gp.php?GROUP=geodetic&FORMAT=tle
1,http://celestrak.org/NORAD/elements/gp.php?GROUP=engineering&FORMAT=tle
1,http://celestrak.org/NORAD/elements/gp.php?GROUP=education&FORMAT=tle
1,http://celestrak.org/NORAD/elements/gp.php?GROUP=military&FORMAT=tle
1,http://celestrak.org/NORAD/elements/gp.php?GROUP=radar&FORMAT=tle
1,http://celestrak.org/NORAD/elements/gp.php?GROUP=cubesat&FORMAT=tle
1,http://celestrak.org/NORAD/elements/gp.php?GROUP=other&FORMAT=tle
